[2025-10-18 08:24:10,721] 10 networksecurity - INFO - Starting the data ingestion component
[2025-10-18 08:24:45,673] 73 networksecurity - ERROR - Failed to export collection from MongoDB: SSL handshake failed: ac-atny5bi-shard-00-02.opcjqim.mongodb.net:27017: [SSL: TLSV1_ALERT_INTERNAL_ERROR] tlsv1 alert internal error (_ssl.c:1032) (configured timeouts: socketTimeoutMS: 20000.0ms, connectTimeoutMS: 20000.0ms),SSL handshake failed: ac-atny5bi-shard-00-01.opcjqim.mongodb.net:27017: [SSL: TLSV1_ALERT_INTERNAL_ERROR] tlsv1 alert internal error (_ssl.c:1032) (configured timeouts: socketTimeoutMS: 20000.0ms, connectTimeoutMS: 20000.0ms),SSL handshake failed: ac-atny5bi-shard-00-00.opcjqim.mongodb.net:27017: [SSL: TLSV1_ALERT_INTERNAL_ERROR] tlsv1 alert internal error (_ssl.c:1032) (configured timeouts: socketTimeoutMS: 20000.0ms, connectTimeoutMS: 20000.0ms), Timeout: 30s, Topology Description: <TopologyDescription id: 68f30152360b6e7841ccc63e, topology_type: ReplicaSetNoPrimary, servers: [<ServerDescription ('ac-atny5bi-shard-00-00.opcjqim.mongodb.net', 27017) server_type: Unknown, rtt: None, error=AutoReconnect('SSL handshake failed: ac-atny5bi-shard-00-00.opcjqim.mongodb.net:27017: [SSL: TLSV1_ALERT_INTERNAL_ERROR] tlsv1 alert internal error (_ssl.c:1032) (configured timeouts: socketTimeoutMS: 20000.0ms, connectTimeoutMS: 20000.0ms)')>, <ServerDescription ('ac-atny5bi-shard-00-01.opcjqim.mongodb.net', 27017) server_type: Unknown, rtt: None, error=AutoReconnect('SSL handshake failed: ac-atny5bi-shard-00-01.opcjqim.mongodb.net:27017: [SSL: TLSV1_ALERT_INTERNAL_ERROR] tlsv1 alert internal error (_ssl.c:1032) (configured timeouts: socketTimeoutMS: 20000.0ms, connectTimeoutMS: 20000.0ms)')>, <ServerDescription ('ac-atny5bi-shard-00-02.opcjqim.mongodb.net', 27017) server_type: Unknown, rtt: None, error=AutoReconnect('SSL handshake failed: ac-atny5bi-shard-00-02.opcjqim.mongodb.net:27017: [SSL: TLSV1_ALERT_INTERNAL_ERROR] tlsv1 alert internal error (_ssl.c:1032) (configured timeouts: socketTimeoutMS: 20000.0ms, connectTimeoutMS: 20000.0ms)')>]>
[2025-10-18 08:24:45,674] 78 networksecurity - INFO - Falling back to local CSV at D:\NetworkSecurity\Network_Data\phisingData.csv
[2025-10-18 08:24:45,772] 114 root - INFO - Performed train test split
[2025-10-18 08:24:45,774] 120 root - INFO - Exporting train and test file path
[2025-10-18 08:24:45,843] 15 networksecurity - INFO - Data ingestion artifact:ArtifactEntity(trained_file_path='Artifacts\\artifact\\20251018082410\\data_ingestion\\ingested\\train.csv', test_file_path='Artifacts\\artifact\\20251018082410\\data_ingestion\\ingested\\test.csv')
[2025-10-18 08:24:45,852] 21 networksecurity - INFO - Starting data validation
[2025-10-18 08:24:45,852] 38 networksecurity - INFO - starting data validation
[2025-10-18 08:24:45,852] 36 networksecurity - ERROR - error occurred in python script name [D:\NetworkSecurity\networksecurity\components\data_validation.py] at line number [39] error message ['ArtifactEntity' object has no attribute 'train_file_path']
Traceback (most recent call last):
  File "D:\NetworkSecurity\networksecurity\components\data_validation.py", line 39, in initiate_data_validation
    train_file_path=self.data_ingestion_artifact.train_file_path
                    ^^^^^^^^^^^^^^^^^^^^^^^^^^^^^^^^^^^^^^^^^^^^
AttributeError: 'ArtifactEntity' object has no attribute 'train_file_path'. Did you mean: 'trained_file_path'?
[2025-10-18 08:24:45,853] 36 networksecurity - ERROR - error occurred in python script name [D:\NetworkSecurity\main.py] at line number [22] error message [error occurred in python script name [D:\NetworkSecurity\networksecurity\components\data_validation.py] at line number [39] error message ['ArtifactEntity' object has no attribute 'train_file_path']]
Traceback (most recent call last):
  File "D:\NetworkSecurity\networksecurity\components\data_validation.py", line 39, in initiate_data_validation
    train_file_path=self.data_ingestion_artifact.train_file_path
                    ^^^^^^^^^^^^^^^^^^^^^^^^^^^^^^^^^^^^^^^^^^^^
AttributeError: 'ArtifactEntity' object has no attribute 'train_file_path'. Did you mean: 'trained_file_path'?

The above exception was the direct cause of the following exception:

Traceback (most recent call last):
  File "D:\NetworkSecurity\main.py", line 22, in <module>
    data_validation_artifact = data_validation.initiate_data_validation()
  File "D:\NetworkSecurity\networksecurity\components\data_validation.py", line 68, in initiate_data_validation
    raise NetworkSecurityException(e,sys) from e
networksecurity.exception.exception.NetworkSecurityException: error occurred in python script name [D:\NetworkSecurity\networksecurity\components\data_validation.py] at line number [39] error message ['ArtifactEntity' object has no attribute 'train_file_path']
