[2025-10-18 08:25:08,284] 10 networksecurity - INFO - Starting the data ingestion component
[2025-10-18 08:25:43,050] 73 networksecurity - ERROR - Failed to export collection from MongoDB: SSL handshake failed: ac-atny5bi-shard-00-02.opcjqim.mongodb.net:27017: [SSL: TLSV1_ALERT_INTERNAL_ERROR] tlsv1 alert internal error (_ssl.c:1032) (configured timeouts: socketTimeoutMS: 20000.0ms, connectTimeoutMS: 20000.0ms),SSL handshake failed: ac-atny5bi-shard-00-01.opcjqim.mongodb.net:27017: [SSL: TLSV1_ALERT_INTERNAL_ERROR] tlsv1 alert internal error (_ssl.c:1032) (configured timeouts: socketTimeoutMS: 20000.0ms, connectTimeoutMS: 20000.0ms),SSL handshake failed: ac-atny5bi-shard-00-00.opcjqim.mongodb.net:27017: [SSL: TLSV1_ALERT_INTERNAL_ERROR] tlsv1 alert internal error (_ssl.c:1032) (configured timeouts: socketTimeoutMS: 20000.0ms, connectTimeoutMS: 20000.0ms), Timeout: 30s, Topology Description: <TopologyDescription id: 68f3018c6ee7a7239a2b587e, topology_type: ReplicaSetNoPrimary, servers: [<ServerDescription ('ac-atny5bi-shard-00-00.opcjqim.mongodb.net', 27017) server_type: Unknown, rtt: None, error=AutoReconnect('SSL handshake failed: ac-atny5bi-shard-00-00.opcjqim.mongodb.net:27017: [SSL: TLSV1_ALERT_INTERNAL_ERROR] tlsv1 alert internal error (_ssl.c:1032) (configured timeouts: socketTimeoutMS: 20000.0ms, connectTimeoutMS: 20000.0ms)')>, <ServerDescription ('ac-atny5bi-shard-00-01.opcjqim.mongodb.net', 27017) server_type: Unknown, rtt: None, error=AutoReconnect('SSL handshake failed: ac-atny5bi-shard-00-01.opcjqim.mongodb.net:27017: [SSL: TLSV1_ALERT_INTERNAL_ERROR] tlsv1 alert internal error (_ssl.c:1032) (configured timeouts: socketTimeoutMS: 20000.0ms, connectTimeoutMS: 20000.0ms)')>, <ServerDescription ('ac-atny5bi-shard-00-02.opcjqim.mongodb.net', 27017) server_type: Unknown, rtt: None, error=AutoReconnect('SSL handshake failed: ac-atny5bi-shard-00-02.opcjqim.mongodb.net:27017: [SSL: TLSV1_ALERT_INTERNAL_ERROR] tlsv1 alert internal error (_ssl.c:1032) (configured timeouts: socketTimeoutMS: 20000.0ms, connectTimeoutMS: 20000.0ms)')>]>
[2025-10-18 08:25:43,051] 78 networksecurity - INFO - Falling back to local CSV at D:\NetworkSecurity\Network_Data\phisingData.csv
[2025-10-18 08:25:43,150] 114 root - INFO - Performed train test split
[2025-10-18 08:25:43,150] 120 root - INFO - Exporting train and test file path
[2025-10-18 08:25:43,212] 15 networksecurity - INFO - Data ingestion artifact:ArtifactEntity(trained_file_path='Artifacts\\artifact\\20251018082508\\data_ingestion\\ingested\\train.csv', test_file_path='Artifacts\\artifact\\20251018082508\\data_ingestion\\ingested\\test.csv')
[2025-10-18 08:25:43,218] 21 networksecurity - INFO - Starting data validation
[2025-10-18 08:25:43,219] 38 networksecurity - INFO - starting data validation
[2025-10-18 08:25:43,241] 27 networksecurity - INFO - required number of columns :31
[2025-10-18 08:25:43,241] 28 networksecurity - INFO - dataframe has columns :31
[2025-10-18 08:25:43,241] 27 networksecurity - INFO - required number of columns :31
[2025-10-18 08:25:43,241] 28 networksecurity - INFO - dataframe has columns :31
[2025-10-18 08:25:43,241] 36 networksecurity - ERROR - error occurred in python script name [D:\NetworkSecurity\networksecurity\components\data_validation.py] at line number [52] error message [DataValidation.detect_data_drift() got an unexpected keyword argument 'current_df']
Traceback (most recent call last):
  File "D:\NetworkSecurity\networksecurity\components\data_validation.py", line 52, in initiate_data_validation
    status=self.detect_data_drift(base_df=train_dataframe,current_df=test_dataframe)
TypeError: DataValidation.detect_data_drift() got an unexpected keyword argument 'current_df'
[2025-10-18 08:25:43,242] 36 networksecurity - ERROR - error occurred in python script name [D:\NetworkSecurity\main.py] at line number [22] error message [error occurred in python script name [D:\NetworkSecurity\networksecurity\components\data_validation.py] at line number [52] error message [DataValidation.detect_data_drift() got an unexpected keyword argument 'current_df']]
Traceback (most recent call last):
  File "D:\NetworkSecurity\networksecurity\components\data_validation.py", line 52, in initiate_data_validation
    status=self.detect_data_drift(base_df=train_dataframe,current_df=test_dataframe)
TypeError: DataValidation.detect_data_drift() got an unexpected keyword argument 'current_df'

The above exception was the direct cause of the following exception:

Traceback (most recent call last):
  File "D:\NetworkSecurity\main.py", line 22, in <module>
    data_validation_artifact = data_validation.initiate_data_validation()
  File "D:\NetworkSecurity\networksecurity\components\data_validation.py", line 68, in initiate_data_validation
    raise NetworkSecurityException(e,sys) from e
networksecurity.exception.exception.NetworkSecurityException: error occurred in python script name [D:\NetworkSecurity\networksecurity\components\data_validation.py] at line number [52] error message [DataValidation.detect_data_drift() got an unexpected keyword argument 'current_df']
