[2025-10-18 08:23:08,789] 10 networksecurity - INFO - Starting the data ingestion component
[2025-10-18 08:23:45,055] 73 networksecurity - ERROR - Failed to export collection from MongoDB: SSL handshake failed: ac-atny5bi-shard-00-01.opcjqim.mongodb.net:27017: [SSL: TLSV1_ALERT_INTERNAL_ERROR] tlsv1 alert internal error (_ssl.c:1032) (configured timeouts: socketTimeoutMS: 20000.0ms, connectTimeoutMS: 20000.0ms),SSL handshake failed: ac-atny5bi-shard-00-00.opcjqim.mongodb.net:27017: [SSL: TLSV1_ALERT_INTERNAL_ERROR] tlsv1 alert internal error (_ssl.c:1032) (configured timeouts: socketTimeoutMS: 20000.0ms, connectTimeoutMS: 20000.0ms),SSL handshake failed: ac-atny5bi-shard-00-02.opcjqim.mongodb.net:27017: [SSL: TLSV1_ALERT_INTERNAL_ERROR] tlsv1 alert internal error (_ssl.c:1032) (configured timeouts: socketTimeoutMS: 20000.0ms, connectTimeoutMS: 20000.0ms), Timeout: 30s, Topology Description: <TopologyDescription id: 68f3011512dac2d17588601e, topology_type: ReplicaSetNoPrimary, servers: [<ServerDescription ('ac-atny5bi-shard-00-00.opcjqim.mongodb.net', 27017) server_type: Unknown, rtt: None, error=AutoReconnect('SSL handshake failed: ac-atny5bi-shard-00-00.opcjqim.mongodb.net:27017: [SSL: TLSV1_ALERT_INTERNAL_ERROR] tlsv1 alert internal error (_ssl.c:1032) (configured timeouts: socketTimeoutMS: 20000.0ms, connectTimeoutMS: 20000.0ms)')>, <ServerDescription ('ac-atny5bi-shard-00-01.opcjqim.mongodb.net', 27017) server_type: Unknown, rtt: None, error=AutoReconnect('SSL handshake failed: ac-atny5bi-shard-00-01.opcjqim.mongodb.net:27017: [SSL: TLSV1_ALERT_INTERNAL_ERROR] tlsv1 alert internal error (_ssl.c:1032) (configured timeouts: socketTimeoutMS: 20000.0ms, connectTimeoutMS: 20000.0ms)')>, <ServerDescription ('ac-atny5bi-shard-00-02.opcjqim.mongodb.net', 27017) server_type: Unknown, rtt: None, error=AutoReconnect('SSL handshake failed: ac-atny5bi-shard-00-02.opcjqim.mongodb.net:27017: [SSL: TLSV1_ALERT_INTERNAL_ERROR] tlsv1 alert internal error (_ssl.c:1032) (configured timeouts: socketTimeoutMS: 20000.0ms, connectTimeoutMS: 20000.0ms)')>]>
[2025-10-18 08:23:45,056] 78 networksecurity - INFO - Falling back to local CSV at D:\NetworkSecurity\Network_Data\phisingData.csv
[2025-10-18 08:23:45,110] 114 root - INFO - Performed train test split
[2025-10-18 08:23:45,111] 120 root - INFO - Exporting train and test file path
[2025-10-18 08:23:45,146] 15 networksecurity - INFO - Data ingestion artifact:ArtifactEntity(trained_file_path='Artifacts\\artifact\\20251018082308\\data_ingestion\\ingested\\train.csv', test_file_path='Artifacts\\artifact\\20251018082308\\data_ingestion\\ingested\\test.csv')
[2025-10-18 08:23:45,146] 36 networksecurity - ERROR - error occurred in python script name [D:\NetworkSecurity\networksecurity\utils\utils.py] at line number [10] error message [[Errno 2] No such file or directory: 'data_schema\\schema.ymal']
Traceback (most recent call last):
  File "D:\NetworkSecurity\networksecurity\utils\utils.py", line 10, in read_yaml_file
    with open (file_path,"rb") as yaml_file:
         ~~~~~^^^^^^^^^^^^^^^^
FileNotFoundError: [Errno 2] No such file or directory: 'data_schema\\schema.ymal'
[2025-10-18 08:23:45,147] 36 networksecurity - ERROR - error occurred in python script name [D:\NetworkSecurity\networksecurity\components\data_validation.py] at line number [15] error message [error occurred in python script name [D:\NetworkSecurity\networksecurity\utils\utils.py] at line number [10] error message [[Errno 2] No such file or directory: 'data_schema\\schema.ymal']]
Traceback (most recent call last):
  File "D:\NetworkSecurity\networksecurity\utils\utils.py", line 10, in read_yaml_file
    with open (file_path,"rb") as yaml_file:
         ~~~~~^^^^^^^^^^^^^^^^
FileNotFoundError: [Errno 2] No such file or directory: 'data_schema\\schema.ymal'

The above exception was the direct cause of the following exception:

Traceback (most recent call last):
  File "D:\NetworkSecurity\networksecurity\components\data_validation.py", line 15, in __init__
    self._schema_config = read_yaml_file(SCHEMA_FILE_PATH)
                          ~~~~~~~~~~~~~~^^^^^^^^^^^^^^^^^^
  File "D:\NetworkSecurity\networksecurity\utils\utils.py", line 13, in read_yaml_file
    raise NetworkSecurityException(e,sys) from e
networksecurity.exception.exception.NetworkSecurityException: error occurred in python script name [D:\NetworkSecurity\networksecurity\utils\utils.py] at line number [10] error message [[Errno 2] No such file or directory: 'data_schema\\schema.ymal']
[2025-10-18 08:23:45,148] 36 networksecurity - ERROR - error occurred in python script name [D:\NetworkSecurity\main.py] at line number [20] error message [error occurred in python script name [D:\NetworkSecurity\networksecurity\components\data_validation.py] at line number [15] error message [error occurred in python script name [D:\NetworkSecurity\networksecurity\utils\utils.py] at line number [10] error message [[Errno 2] No such file or directory: 'data_schema\\schema.ymal']]]
Traceback (most recent call last):
  File "D:\NetworkSecurity\networksecurity\utils\utils.py", line 10, in read_yaml_file
    with open (file_path,"rb") as yaml_file:
         ~~~~~^^^^^^^^^^^^^^^^
FileNotFoundError: [Errno 2] No such file or directory: 'data_schema\\schema.ymal'

The above exception was the direct cause of the following exception:

Traceback (most recent call last):
  File "D:\NetworkSecurity\networksecurity\components\data_validation.py", line 15, in __init__
    self._schema_config = read_yaml_file(SCHEMA_FILE_PATH)
                          ~~~~~~~~~~~~~~^^^^^^^^^^^^^^^^^^
  File "D:\NetworkSecurity\networksecurity\utils\utils.py", line 13, in read_yaml_file
    raise NetworkSecurityException(e,sys) from e
networksecurity.exception.exception.NetworkSecurityException: error occurred in python script name [D:\NetworkSecurity\networksecurity\utils\utils.py] at line number [10] error message [[Errno 2] No such file or directory: 'data_schema\\schema.ymal']

During handling of the above exception, another exception occurred:

Traceback (most recent call last):
  File "D:\NetworkSecurity\main.py", line 20, in <module>
    data_validation = DataValidation(dataingestionartifact, data_validation_config)
  File "D:\NetworkSecurity\networksecurity\components\data_validation.py", line 17, in __init__
    raise NetworkSecurityException (e,sys)
networksecurity.exception.exception.NetworkSecurityException: error occurred in python script name [D:\NetworkSecurity\networksecurity\components\data_validation.py] at line number [15] error message [error occurred in python script name [D:\NetworkSecurity\networksecurity\utils\utils.py] at line number [10] error message [[Errno 2] No such file or directory: 'data_schema\\schema.ymal']]
